// Jest Snapshot v1, https://goo.gl/fbAQLP

exports[`full integration test without features 1`] = `
"{
  "//": {
    "metadata": {
      "backend": "local",
      "stackName": "hello-deploy",
      "version": "stubbed"
    },
    "outputs": {}
  },
  "provider": {
    "null": [
      {}
    ]
  },
  "resource": {
    "null_resource": {
      "hellodeploy_testFooBar_186E52EA": {
        "//": {
          "metadata": {
            "path": "hello-deploy/test-Foo_Bar",
            "uniqueId": "hellodeploy_testFooBar_186E52EA"
          }
        },
        "provisioner": [
          {
            "local-exec": {
              "command": "echo \\"hello deploy\\""
            }
          }
        ]
      }
    }
  },
  "terraform": {
    "backend": {
      "local": {
        "path": "terraform.tfstate"
      }
    }
  }
}"
`;
