// Jest Snapshot v1, https://goo.gl/fbAQLP

exports[`python full integration test synth synth generates JSON 1`] = `
"{
  \\"//\\": {
    \\"metadata\\": {
      \\"backend\\": \\"local\\",
      \\"overrides\\": {
        \\"null_resource\\": [
          \\"triggers\\"
        ],
        \\"stack\\": [
          \\"terraform\\"
        ]
      },
      \\"stackName\\": \\"python-simple\\",
      \\"version\\": \\"stubbed\\"
    },
    \\"outputs\\": {}
  },
  \\"provider\\": {
    \\"null\\": [
      {}
    ]
  },
  \\"resource\\": {
    \\"null_resource\\": {
      \\"nullresource\\": {
        \\"//\\": {
          \\"metadata\\": {
            \\"path\\": \\"python-simple/null-resource\\",
            \\"uniqueId\\": \\"nullresource\\"
          }
        },
        \\"triggers\\": {
          \\"cluster_instance_ids\\": \\"foo\\"
        }
      }
    }
  },
  \\"terraform\\": {
    \\"backend\\": {
      \\"local\\": {
        \\"path\\": \\"terraform.tfstate\\"
      },
      \\"remote\\": {
        \\"organization\\": \\"test\\",
        \\"workspaces\\": {
          \\"name\\": \\"test\\"
        }
      }
    },
    \\"required_providers\\": {
      \\"null\\": {
        \\"source\\": \\"hashicorp/null\\",
        \\"version\\": \\"~> 3.1.0\\"
      }
    }
  }
}"
`;
