// Jest Snapshot v1, https://goo.gl/fbAQLP

exports[`Go full integration test synth synth generates JSON 1`] = `
"{
  \\"//\\": {
    \\"metadata\\": {
      \\"backend\\": \\"local\\",
      \\"stackName\\": \\"go-simple\\",
      \\"version\\": \\"stubbed\\"
    },
    \\"outputs\\": {}
  },
  \\"provider\\": {
    \\"random\\": [
      {}
    ]
  },
  \\"resource\\": {
    \\"random_pet\\": {
      \\"pet\\": {
        \\"//\\": {
          \\"metadata\\": {
            \\"path\\": \\"go-simple/pet\\",
            \\"uniqueId\\": \\"pet\\"
          }
        },
        \\"prefix\\": \\"my\\"
      }
    }
  },
  \\"terraform\\": {
    \\"backend\\": {
      \\"local\\": {
        \\"path\\": \\"terraform.tfstate\\"
      }
    },
    \\"required_providers\\": {
      \\"random\\": {
        \\"source\\": \\"hashicorp/random\\",
        \\"version\\": \\"~> 3.1.0\\"
      }
    }
  }
}"
`;
