// Jest Snapshot v1, https://goo.gl/fbAQLP

exports[`provider list command lists both local and prebuilt providers with tabular output 1`] = `
"┌───────────────┬──────────────────┬─────────┬────────────┬─────────────────────────────┬─────────────────┐
│ Provider Name │ Provider Version │ CDKTF   │ Constraint │ Package Name                │ Package Version │
├───────────────┼──────────────────┼─────────┼────────────┼─────────────────────────────┼─────────────────┤
│ Backblaze/b2  │ 0.8.1            │         │ =0.8.1     │                             │
├───────────────┼──────────────────┼─────────┼────────────┼─────────────────────────────┼─────────────────┤
│ random        │ 3.2.0            │ ^0.10.3 │            │ cdktf-cdktf-provider-random │ 0.2.64          │
└───────────────┴──────────────────┴─────────┴────────────┴─────────────────────────────┴─────────────────┘
"
`;
