// Jest Snapshot v1, https://goo.gl/fbAQLP

exports[`provider list command lists both local and prebuilt providers with tabular output 1`] = `
"┌───────────────┬──────────────────┬─────────┬────────────┬──────────────────────────────────┬─────────────────┐
│ Provider Name │ Provider Version │ CDKTF   │ Constraint │ Package Name                     │ Package Version │
├───────────────┼──────────────────┼─────────┼────────────┼──────────────────────────────────┼─────────────────┤
│ null          │ 3.2.1            │         │ ~> 3.2.0   │                                  │
├───────────────┼──────────────────┼─────────┼────────────┼──────────────────────────────────┼─────────────────┤
│ local         │ 2.2.3            │         │ =2.2.3     │                                  │
├───────────────┼──────────────────┼─────────┼────────────┼──────────────────────────────────┼─────────────────┤
│ random        │ 3.4.3            │ ^0.13.0 │            │ HashiCorp.Cdktf.Providers.Random │ 3.0.11          │
└───────────────┴──────────────────┴─────────┴────────────┴──────────────────────────────────┴─────────────────┘
"
`;
