// Jest Snapshot v1, https://goo.gl/fbAQLP

exports[`provider list command lists both local and prebuilt providers with tabular output 1`] = `
"───────────┬─────────────────────────────┬────────────────────────┬────────────┐
───         ─────        ─      ──        ─────────                ────
 Provider  │ Provider     CDKTF          │ Package Name           │ Package    │
Name        Version             Constraint                         Version
───────────┼─────────────────────────────┼────────────────────────┼────────────┤
───         ─────        ─      ──        ─────────                ────
 null      │ 3.2.2               ~> 3.2.0│                        │            │

───────────┼─────────────────────────────┼────────────────────────┼────────────┤
───         ─────        ─      ──        ─────────                ────
 local     │ 2.2.3               =2.2.3  │                        │            │

───────────┼─────────────────────────────┼────────────────────────┼────────────┤
───         ─────        ─      ──        ─────────                ────
 random    │ 3.4.3        ^0.13.         │ HashiCorp.Cdktf.Provide│ 3.0.11     │
                                          s.Random

───────────┴─────────────────────────────┴────────────────────────┴────────────┘
───         ─────        ─      ──        ─────────                ────
"
`;
