// Jest Snapshot v1, https://goo.gl/fbAQLP

exports[`python full integration 3rd party synth generates JSON 1`] = `
"{
  \\"//\\": {
    \\"metadata\\": {
      \\"version\\": \\"stubbed\\",
      \\"stackName\\": \\"references\\",
      \\"backend\\": \\"local\\"
    }
  },
  \\"terraform\\": {
    \\"required_providers\\": {
      \\"docker\\": {
        \\"version\\": \\"~> 2.15\\",
        \\"source\\": \\"kreuzwerker/docker\\"
      }
    }
  },
  \\"provider\\": {
    \\"docker\\": [
      {}
    ]
  },
  \\"resource\\": {
    \\"docker_image\\": {
      \\"nginxImage\\": {
        \\"keep_locally\\": true,
        \\"name\\": \\"nginx:latest\\",
        \\"//\\": {
          \\"metadata\\": {
            \\"path\\": \\"references/nginxImage\\",
            \\"uniqueId\\": \\"nginxImage\\"
          }
        }
      }
    },
    \\"docker_container\\": {
      \\"nginxContainer\\": {
        \\"image\\": \\"\${docker_image.nginxImage.repo_digest}\\",
        \\"name\\": \\"nginx-python-cdktf\\",
        \\"privileged\\": \\"\${docker_image.nginxImage.keep_locally}\\",
        \\"ports\\": [
          {
            \\"external\\": 8000,
            \\"internal\\": 80
          }
        ],
        \\"//\\": {
          \\"metadata\\": {
            \\"path\\": \\"references/nginxContainer\\",
            \\"uniqueId\\": \\"nginxContainer\\"
          }
        }
      }
    }
  },
  \\"output\\": {
    \\"containerCapAdd\\": {
      \\"value\\": \\"\${docker_container.nginxContainer.capabilities[0].add}\\"
    }
  }
}"
`;
