// Jest Snapshot v1, https://goo.gl/fbAQLP

exports[`full integration test build modules posix 1`] = `
"{
  \\"//\\": {
    \\"metadata\\": {
      \\"backend\\": \\"local\\",
      \\"stackName\\": \\"hello-modules\\",
      \\"version\\": \\"stubbed\\"
    }
  },
  \\"module\\": {
    \\"gcloud\\": {
      \\"//\\": {
        \\"metadata\\": {
          \\"path\\": \\"hello-modules/gcloud\\",
          \\"uniqueId\\": \\"gcloud\\"
        }
      },
      \\"source\\": \\"terraform-google-modules/gcloud/google\\",
      \\"version\\": \\"2.0.3\\"
    },
    \\"iam\\": {
      \\"//\\": {
        \\"metadata\\": {
          \\"path\\": \\"hello-modules/iam\\",
          \\"uniqueId\\": \\"iam\\"
        }
      },
      \\"account_alias\\": \\"cdktf\\",
      \\"source\\": \\"terraform-aws-modules/iam/aws//modules/iam-account\\",
      \\"version\\": \\"3.12.0\\"
    },
    \\"localmodule\\": {
      \\"//\\": {
        \\"metadata\\": {
          \\"path\\": \\"hello-modules/local-module\\",
          \\"uniqueId\\": \\"localmodule\\"
        }
      },
      \\"source\\": \\"./assets/localmodulelocalmodule/97F51B069A2EA5F1B6BA8B6C0FED84E4\\"
    }
  },
  \\"terraform\\": {
    \\"backend\\": {
      \\"local\\": {
        \\"path\\": \\"terraform.tfstate\\"
      }
    }
  }
}"
`;
