// Jest Snapshot v1, https://goo.gl/fbAQLP

exports[`full integration test main.ts is valid 1`] = `
"import { Construct } from "constructs";
import { TerraformOutput, TerraformStack } from "cdktf";
import * as Test from "./.gen/modules/modules/test";

import { Construct } from "constructs";
import { App, TerraformStack } from "cdktf";

class MyStack extends TerraformStack {
  constructor(scope: Construct, id: string) {
    super(scope, id);

    const test = new Test.Test(this, "test", {});
    new TerraformOutput(this, "module_value", {
      value: test.fooOutput,
    });
  }
}

const app = new App();
new MyStack(app, "init-from-tf");
app.synth();
"
`;
