// Jest Snapshot v1, https://goo.gl/fbAQLP

exports[`full integration test main.ts is valid 1`] = `
"import * as cdktf from \\"cdktf\\";
import * as Test from \\"./.gen/modules/modules/test\\";

// Copyright (c) HashiCorp, Inc
// SPDX-License-Identifier: MPL-2.0
import { Construct } from \\"constructs\\";
import { App, TerraformStack } from \\"cdktf\\";

class MyStack extends TerraformStack {
  constructor(scope: Construct, id: string) {
    super(scope, id);

    const test = new Test.Test(this, \\"test\\", {});
    new cdktf.TerraformOutput(this, \\"module_value\\", {
      value: test.fooOutput,
    });
  }
}

const app = new App();
new MyStack(app, \\"init-from-tf\\");
app.synth();
"
`;
