// Jest Snapshot v1, https://goo.gl/fbAQLP

exports[`full integration test file asset copied 1`] = `"Hello Asset World"`;

exports[`full integration test folder asset copied 1`] = `"This is a"`;

exports[`full integration test folder asset copied 2`] = `"This is b"`;

exports[`full integration test folder asset copied 3`] = `"this is c"`;

exports[`full integration test relative file asset copied 1`] = `"Hello Asset World"`;

exports[`full integration test relative folder asset copied 1`] = `"This is a"`;

exports[`full integration test relative folder asset copied 2`] = `"This is b"`;

exports[`full integration test relative folder asset copied 3`] = `"this is c"`;

exports[`full integration test synth 1`] = `
"{
  "//": {
    "metadata": {
      "backend": "local",
      "stackName": "fixed",
      "version": "stubbed"
    },
    "outputs": {
      "fixed": {
        "fixtures-name": "fixtures-name",
        "local-asset-name": "local-asset-name",
        "relative-asset-name": "relative-asset-name",
        "relative-assets-name": "relative-assets-name",
        "zipped-fixtures-name": "zipped-fixtures-name"
      }
    }
  },
  "output": {
    "fixtures-name": {
      "value": "fixtures"
    },
    "local-asset-name": {
      "value": "local-asset.txt"
    },
    "relative-asset-name": {
      "value": "relative-asset.txt"
    },
    "relative-assets-name": {
      "value": "relative"
    },
    "zipped-fixtures-name": {
      "value": "archive.zip"
    }
  },
  "terraform": {
    "backend": {
      "local": {
        "path": "terraform.tfstate"
      }
    }
  }
}"
`;
