// Jest Snapshot v1, https://goo.gl/fbAQLP

exports[`full integration test synth synth generates JSON 1`] = `
"{
  \\"//\\": {
    \\"metadata\\": {
      \\"version\\": \\"stubbed\\",
      \\"stackName\\": \\"hello-terra\\",
      \\"backend\\": \\"local\\",
      \\"overrides\\": {
        \\"stack\\": [
          \\"terraform\\"
        ],
        \\"aws_sns_topic\\": [
          \\"display_name\\",
          \\"provider\\",
          \\"lifecycle\\"
        ]
      }
    }
  },
  \\"terraform\\": {
    \\"required_providers\\": {
      \\"aws\\": {
        \\"version\\": \\"~> 2.0\\",
        \\"source\\": \\"aws\\"
      }
    },
    \\"backend\\": {
      \\"remote\\": {
        \\"organization\\": \\"test\\",
        \\"workspaces\\": {
          \\"name\\": \\"test\\"
        }
      }
    }
  },
  \\"provider\\": {
    \\"aws\\": [
      {
        \\"region\\": \\"eu-central-1\\",
        \\"ignore_tags\\": {
          \\"keys\\": [
            \\"foo\\"
          ]
        }
      }
    ]
  },
  \\"resource\\": {
    \\"aws_sns_topic\\": {
      \\"Topic\\": {
        \\"display_name\\": \\"topic\\",
        \\"provider\\": \\"aws\\",
        \\"lifecycle\\": {
          \\"create_before_destroy\\": true
        },
        \\"//\\": {
          \\"metadata\\": {
            \\"path\\": \\"hello-terra/Topic\\",
            \\"uniqueId\\": \\"Topic\\"
          }
        }
      }
    },
    \\"aws_instance\\": {
      \\"Instance\\": {
        \\"ami\\": \\"ami-12345678\\",
        \\"instance_type\\": \\"t2.micro\\",
        \\"credit_specification\\": {
          \\"cpu_credits\\": \\"standard\\"
        },
        \\"ebs_block_device\\": [
          {
            \\"device_name\\": \\"/dev/sda1\\",
            \\"volume_size\\": 100
          }
        ],
        \\"metadata_options\\": {
          \\"http_endpoint\\": \\"true\\"
        },
        \\"//\\": {
          \\"metadata\\": {
            \\"path\\": \\"hello-terra/Instance\\",
            \\"uniqueId\\": \\"Instance\\"
          }
        }
      },
      \\"Instance2\\": {
        \\"ami\\": \\"ami-12345678\\",
        \\"instance_type\\": \\"t2.micro\\",
        \\"credit_specification\\": {
          \\"cpu_credits\\": \\"\${aws_instance.Instance.credit_specification[0].cpu_credits}\\"
        },
        \\"metadata_options\\": {
          \\"http_endpoint\\": \\"\${aws_instance.Instance.metadata_options[0].http_endpoint}\\"
        },
        \\"//\\": {
          \\"metadata\\": {
            \\"path\\": \\"hello-terra/Instance2\\",
            \\"uniqueId\\": \\"Instance2\\"
          }
        }
      }
    }
  },
  \\"output\\": {
    \\"snstopicarn\\": {
      \\"value\\": \\"\${aws_sns_topic.Topic.arn}\\"
    },
    \\"instancepassword\\": {
      \\"value\\": \\"\${base64decode(aws_instance.Instance.password_data)}\\"
    },
    \\"instancehttpendpoint\\": {
      \\"value\\": \\"\${aws_instance.Instance.metadata_options[0].http_endpoint}\\"
    }
  }
}"
`;
